// Jest Snapshot v1, https://jestjs.io/docs/snapshot-testing

exports[`expected validation input -> output bulk map scenario: 4a2fg0123-e4676-aa3-f4a354c557aa 1`] = `
{
  "address_city": {
    "column": "address_city",
    "description": "The city of the business address",
    "previousValue": undefined,
    "providedKey": "address_city",
    "required": undefined,
    "value": "Elmsford",
  },
  "address_line_1": {
    "column": "address_line_1",
    "description": "The first line of the business address",
    "previousValue": undefined,
    "providedKey": "address_line_1",
    "required": undefined,
    "value": "8 Williams Street",
  },
  "address_postal_code": {
    "column": "address_postal_code",
    "description": "The postal code of the business address",
    "previousValue": undefined,
    "providedKey": "address_postal_code",
    "required": undefined,
    "value": "10523",
  },
  "address_state": {
    "column": "address_state",
    "description": "The state abbreviation of the business address",
    "previousValue": undefined,
    "providedKey": "address_state",
    "required": undefined,
    "value": "NY",
  },
  "annual_total_income": {
    "column": "annual_total_income",
    "description": "The business's annual total income/sales",
    "previousValue": undefined,
    "providedKey": "annual_total_income",
    "required": undefined,
    "value": 250000,
  },
  "bank_account_balance_available": {
    "column": "bank_account_balance_available",
    "description": "The available balance of bank accoount",
    "previousValue": undefined,
    "providedKey": "bank_account_balance_available",
    "required": undefined,
    "value": 100,
  },
  "bank_account_balance_current": {
    "column": "bank_account_balance_current",
    "description": "The current balance of bank accoount",
    "previousValue": undefined,
    "providedKey": "bank_account_balance_current",
    "required": undefined,
    "value": 110,
  },
  "bank_account_balance_limit": {
    "column": "bank_account_balance_limit",
    "description": "The limit balance of bank accoount",
    "previousValue": undefined,
    "providedKey": "bank_account_balance_limit",
    "required": undefined,
    "value": 0,
  },
  "bank_account_number": {
    "column": "bank_account_number",
    "description": "The bank account number of the business",
    "previousValue": undefined,
    "providedKey": "bank_account_number",
    "required": undefined,
    "value": "0000000001",
  },
  "bank_account_subtype": {
    "column": "bank_account_subtype",
    "description": "The subtype of the bank account (e.g., checking, savings)",
    "previousValue": undefined,
    "providedKey": "bank_account_subtype",
    "required": undefined,
    "value": "checking",
  },
  "bank_account_type": {
    "column": "bank_account_type",
    "description": "The type of the bank account (e.g., depository, savings)",
    "previousValue": undefined,
    "providedKey": "bank_account_type",
    "required": undefined,
    "value": "depository",
  },
  "bank_name": {
    "column": "bank_name",
    "description": "The name of the bank associated with the account",
    "previousValue": undefined,
    "providedKey": "bank_name",
    "required": undefined,
    "value": "Plaid Checking",
  },
  "bank_official_name": {
    "column": "bank_official_name",
    "description": "The official name of the bank",
    "previousValue": undefined,
    "providedKey": "bank_official_name",
    "required": undefined,
    "value": "Plaid Gold Standard 0% Interest Checking",
  },
  "bank_routing_number": {
    "column": "bank_routing_number",
    "description": "The routing number of the bank",
    "previousValue": undefined,
    "providedKey": "bank_routing_number",
    "required": undefined,
    "value": "021000021",
  },
  "bank_wire_routing_number": {
    "column": "bank_wire_routing_number",
    "description": "The wire routing number of the bank",
    "previousValue": undefined,
    "providedKey": "bank_wire_routing_number",
    "required": undefined,
    "value": "026009593",
  },
  "external_id": {
    "column": "external_id",
    "description": "A customer's external identifier for this business - limited to 50 characters",
    "previousValue": undefined,
    "providedKey": "external_id",
    "required": false,
    "value": "4a2fg0123-e4676-aa3-f4a354c557aa",
  },
  "institution_name": {
    "column": "institution_name",
    "description": "The name of the institution associated with the account",
    "previousValue": undefined,
    "providedKey": "institution_name",
    "required": undefined,
    "value": "Chase",
  },
  "name": {
    "column": "name",
    "description": "The name of the business",
    "previousValue": undefined,
    "providedKey": "name",
    "required": true,
    "value": "Central Irrrrigation Supply Pvtt Lttd",
  },
  "owner1_address_city": {
    "column": "owner1_address_city",
    "description": "The city of the owner's address #1",
    "previousValue": undefined,
    "providedKey": "owner1_address_city",
    "required": undefined,
    "value": "Pawnee",
  },
  "owner1_address_country": {
    "column": "owner1_address_country",
    "description": "Country code of the owner's address #1",
    "previousValue": undefined,
    "providedKey": "owner1_address_country",
    "required": undefined,
    "value": "US",
  },
  "owner1_address_line_1": {
    "column": "owner1_address_line_1",
    "description": "The first line of the owner's address #1",
    "previousValue": undefined,
    "providedKey": "owner1_address_line_1",
    "required": undefined,
    "value": "123 Main St.",
  },
  "owner1_address_postal": {
    "column": "owner1_address_postal",
    "description": "The postal code of the owner's address #1",
    "previousValue": undefined,
    "providedKey": "owner1_address_postal",
    "required": undefined,
    "value": "46001",
  },
  "owner1_address_state": {
    "column": "owner1_address_state",
    "description": "The state of the owner's address #1",
    "previousValue": undefined,
    "providedKey": "owner1_address_state",
    "required": undefined,
    "value": "IN",
  },
  "owner1_dob": {
    "column": "owner1_dob",
    "description": "The owner's date of birth #1",
    "previousValue": undefined,
    "providedKey": "owner1_dob",
    "required": undefined,
    "value": "1975-01-18",
  },
  "owner1_first_name": {
    "column": "owner1_first_name",
    "description": "The owner's first name #1",
    "previousValue": undefined,
    "providedKey": "owner1_first_name",
    "required": undefined,
    "value": "Leslie",
  },
  "owner1_last_name": {
    "column": "owner1_last_name",
    "description": "The owner's last name #1",
    "previousValue": undefined,
    "providedKey": "owner1_last_name",
    "required": undefined,
    "value": "Knope",
  },
  "owner1_mobile": {
    "column": "owner1_mobile",
    "description": "The owner's mobile phone number #1",
    "previousValue": undefined,
    "providedKey": "owner1_mobile",
    "required": undefined,
    "value": "12345678900",
  },
  "owner1_owner_type": {
    "column": "owner1_owner_type",
    "description": "Ownership type, one of beneficial or control #1",
    "previousValue": undefined,
    "providedKey": "owner1_owner_type",
    "required": undefined,
    "value": "CONTROL",
  },
  "owner1_ownership_percentage": {
    "column": "owner1_ownership_percentage",
    "description": "The ownership percentage of the owner #1",
    "previousValue": undefined,
    "providedKey": "owner1_ownership_percentage",
    "required": undefined,
    "value": 0,
  },
  "owner1_ssn": {
    "column": "owner1_ssn",
    "description": "The owner's Social Security or other national identification number #1",
    "previousValue": undefined,
    "providedKey": "owner1_ssn",
    "required": undefined,
    "value": "123456789",
  },
  "owner1_title": {
    "column": "owner1_title",
    "description": "The title of the owner #1",
    "previousValue": undefined,
    "providedKey": "owner1_title",
    "required": undefined,
    "value": "Partner",
  },
  "owner2_address_city": {
    "column": "owner2_address_city",
    "description": "The city of the owner's address #2",
    "previousValue": undefined,
    "providedKey": "owner2_address_city",
    "required": undefined,
    "value": "Pawnee",
  },
  "owner2_address_country": {
    "column": "owner2_address_country",
    "description": "Country code of the owner's address #2",
    "previousValue": undefined,
    "providedKey": "owner2_address_country",
    "required": undefined,
    "value": "USA",
  },
  "owner2_address_line_1": {
    "column": "owner2_address_line_1",
    "description": "The first line of the owner's address #2",
    "previousValue": undefined,
    "providedKey": "owner2_address_line_1",
    "required": undefined,
    "value": "123 Main St.",
  },
  "owner2_address_postal": {
    "column": "owner2_address_postal",
    "description": "The postal code of the owner's address #2",
    "previousValue": undefined,
    "providedKey": "owner2_address_postal",
    "required": undefined,
    "value": "46001",
  },
  "owner2_address_state": {
    "column": "owner2_address_state",
    "description": "The state of the owner's address #2",
    "previousValue": undefined,
    "providedKey": "owner2_address_state",
    "required": undefined,
    "value": "IN",
  },
  "owner2_dob": {
    "column": "owner2_dob",
    "description": "The owner's date of birth #2",
    "previousValue": undefined,
    "providedKey": "owner2_dob",
    "required": undefined,
    "value": "1980-02-20",
  },
  "owner2_first_name": {
    "column": "owner2_first_name",
    "description": "The owner's first name #2",
    "previousValue": undefined,
    "providedKey": "owner2_first_name",
    "required": undefined,
    "value": "Leslief",
  },
  "owner2_last_name": {
    "column": "owner2_last_name",
    "description": "The owner's last name #2",
    "previousValue": undefined,
    "providedKey": "owner2_last_name",
    "required": undefined,
    "value": "Knopef",
  },
  "owner2_mobile": {
    "column": "owner2_mobile",
    "description": "The owner's mobile phone number #2",
    "previousValue": undefined,
    "providedKey": "owner2_mobile",
    "required": undefined,
    "value": "12345678900",
  },
  "owner2_owner_type": {
    "column": "owner2_owner_type",
    "description": "Ownership type, one of beneficial or control #2",
    "previousValue": undefined,
    "providedKey": "owner2_owner_type",
    "required": undefined,
    "value": "BENEFICIARY",
  },
  "owner2_ownership_percentage": {
    "column": "owner2_ownership_percentage",
    "description": "The ownership percentage of the owner #2",
    "previousValue": undefined,
    "providedKey": "owner2_ownership_percentage",
    "required": undefined,
    "value": 25,
  },
  "owner2_ssn": {
    "column": "owner2_ssn",
    "description": "The owner's Social Security or other national identification number #2",
    "previousValue": undefined,
    "providedKey": "owner2_ssn",
    "required": undefined,
    "value": "123456289",
  },
  "owner2_title": {
    "column": "owner2_title",
    "description": "The title of the owner #2",
    "previousValue": undefined,
    "providedKey": "owner2_title",
    "required": undefined,
    "value": "Director",
  },
  "tin": {
    "column": "tin",
    "description": "The Tax Identification Number of the business",
    "previousValue": undefined,
    "providedKey": "tin",
    "required": undefined,
    "value": "111222333",
  },
}
`;
